
> pagina-dathink@0.0.0 build
> vite build

[36mvite v7.2.6 [32mbuilding client environment for production...[36m[39m
transforming...
[32mÔ£ô[39m 11 modules transformed.
Ô£ù Build failed in 171ms
error during build:
[vite]: Rollup failed to resolve import "framer-motion" from "C:/Users/mauri/OneDrive/Escritorio/backup/Proyectos_Dathink/pagina dathink/src/components/Hero.jsx".
This is most likely unintended because it can break your application at runtime.
If you do want to externalize this module explicitly add it to
`build.rollupOptions.external`
    at viteLog (file:///C:/Users/mauri/OneDrive/Escritorio/backup/Proyectos_Dathink/pagina%20dathink/node_modules/vite/dist/node/chunks/config.js:33628:57)
    at file:///C:/Users/mauri/OneDrive/Escritorio/backup/Proyectos_Dathink/pagina%20dathink/node_modules/vite/dist/node/chunks/config.js:33662:73
    at onwarn (file:///C:/Users/mauri/OneDrive/Escritorio/backup/Proyectos_Dathink/pagina%20dathink/node_modules/@vitejs/plugin-react/dist/index.js:76:7)
    at file:///C:/Users/mauri/OneDrive/Escritorio/backup/Proyectos_Dathink/pagina%20dathink/node_modules/vite/dist/node/chunks/config.js:33662:28
    at onRollupLog (file:///C:/Users/mauri/OneDrive/Escritorio/backup/Proyectos_Dathink/pagina%20dathink/node_modules/vite/dist/node/chunks/config.js:33657:63)
    at onLog (file:///C:/Users/mauri/OneDrive/Escritorio/backup/Proyectos_Dathink/pagina%20dathink/node_modules/vite/dist/node/chunks/config.js:33460:4)
    at file:///C:/Users/mauri/OneDrive/Escritorio/backup/Proyectos_Dathink/pagina%20dathink/node_modules/rollup/dist/es/shared/node-entry.js:20961:32
    at Object.logger [as onLog] (file:///C:/Users/mauri/OneDrive/Escritorio/backup/Proyectos_Dathink/pagina%20dathink/node_modules/rollup/dist/es/shared/node-entry.js:22848:9)
    at ModuleLoader.handleInvalidResolvedId (file:///C:/Users/mauri/OneDrive/Escritorio/backup/Proyectos_Dathink/pagina%20dathink/node_modules/rollup/dist/es/shared/node-entry.js:21592:26)
    at file:///C:/Users/mauri/OneDrive/Escritorio/backup/Proyectos_Dathink/pagina%20dathink/node_modules/rollup/dist/es/shared/node-entry.js:21550:26
